[socialgrowthengine.com/pages/free-offer-us.html]
[cdn.shopify.com/s/files/1/2427/5575/files/2017-10-06_21-25-59_32x32329f.png]
[backblue.gif]
[fade.gif]
[index.html]
[cdn.shopify.com/s/files/1/2427/5575/t/1/assets/bootstrap7d04.css]
[cdn.shopify.com/s/files/1/2427/5575/t/1/assets/kk-style7d04.css]
[unpkg.com/flickity@2.2.1/dist/flickity.min.css]
[cdn.shopify.com/s/files/1/2427/5575/t/1/assets/modal-video.min7d04.css]
[cdn.shopify.com/s/files/1/2427/5575/t/1/assets/slick7d04.css]
[cdn.shopify.com/s/files/1/2427/5575/t/1/assets/jquery.countdown7d04.css]
[widget.trustpilot.com/bootstrap/v5/tp.widget.bootstrap.min.js]
[cdn.shopify.com/s/files/1/2427/5575/files/logo7d04.png]
[cdn.shopify.com/s/files/1/2427/5575/files/figure-17d04.png]
[cdn.shopify.com/s/files/1/2427/5575/files/figure-27d04.png]
[cdn.shopify.com/s/files/1/2427/5575/files/figure-37d04.png]
[cdn.shopify.com/s/files/1/2427/5575/files/figure-47d04.png]
[cdn.shopify.com/s/files/1/2427/5575/files/support7d04.png]
[cdn.shopify.com/s/files/1/2427/5575/files/trusted7d04.png]
[cdn.shopify.com/s/files/1/2427/5575/files/t-27d04.png]
[cdn.shopify.com/s/files/1/2427/5575/files/t-37d04.png]
[cdn.shopify.com/s/files/1/2427/5575/files/social-17d04.jpg]
[cdn.shopify.com/s/files/1/2427/5575/files/social-27d04.jpg]
[cdn.shopify.com/s/files/1/2427/5575/files/prettiponies7d04.png]
[cdn.shopify.com/s/files/1/2427/5575/files/social-growth-engine7d04.png]
[cdn.shopify.com/s/files/1/2427/5575/files/social-growth-engine-17d04.png]
[cdn.shopify.com/s/files/1/2427/5575/files/social-growth-engine-27d04.png]
[cdn.shopify.com/s/files/1/2427/5575/files/list7d04.png]
[cdn.shopify.com/s/files/1/2427/5575/files/instagram-big7d04.png]
[cdn.shopify.com/s/files/1/2427/5575/files/s-17d04.png]
[cdn.shopify.com/s/files/1/2427/5575/files/s-27d04.png]
[cdn.shopify.com/s/files/1/2427/5575/files/s-37d04.png]
[cdn.shopify.com/s/files/1/2427/5575/files/s-47d04.png]
[cdn.shopify.com/s/files/1/2427/5575/files/money-back7d04.png]
[cdn.shopify.com/s/files/1/2427/5575/files/messages7d04.png]
[cdn.shopify.com/s/files/1/2427/5575/files/message-17d04.png]
[cdn.shopify.com/s/files/1/2427/5575/files/message-27d04.png]
[cdn.shopify.com/s/files/1/2427/5575/files/message-37d04.png]
[cdn.shopify.com/s/files/1/2427/5575/files/message-47d04.png]
[cdn.shopify.com/s/files/1/2427/5575/files/message-57d04.png]
[cdn.shopify.com/s/files/1/2427/5575/files/screens7d04.png]
[socialgrowthengine.com/pages/terms-conditions.html]
[socialgrowthengine.com/pages/privacy-policy.html]
[cdn.shopify.com/s/files/1/2427/5575/t/1/assets/bootstrap.min7d04.js]
[cdn.shopify.com/s/files/1/2427/5575/t/1/assets/jquery.min7d04.js]
[unpkg.com/flickity@2.2.1/dist/flickity.pkgd.min.js]
[unpkg.com/flickity-transformer@0.3.6/dist/flickity-transformer.pkgd.min.js]
[cdn.shopify.com/s/files/1/2427/5575/t/1/assets/slick.min7d04.js]
[cdn.shopify.com/s/files/1/2427/5575/t/1/assets/jquery.countdown7d04.js]
[cdn.shopify.com/s/files/1/2427/5575/t/1/assets/countdown-script7d04.js]
[cdn.shopify.com/s/files/1/2427/5575/t/1/assets/jquery-modal-video.min7d04.js]
[socialgrowthengine.com/pages/free-offer-us.html]
[cdn.shopify.com/s/files/1/2427/5575/t/1/assets/custom-scripts7d04.js]
[cdn.shopify.com/s/files/1/2427/5575/t/1/assets/bootstrap7d04.css]
[cdn.shopify.com/s/files/1/2427/5575/t/1/assets/Gotham-Medium.otf]
[cdn.shopify.com/s/files/1/2427/5575/t/1/assets/Gotham-Medium.woff]
[cdn.shopify.com/s/files/1/2427/5575/t/1/assets/Gotham-Mediumd41d.eot]
[cdn.shopify.com/s/files/1/2427/5575/t/1/assets/Gotham-Medium.ttf]
[cdn.shopify.com/s/files/1/2427/5575/t/1/assets/Gotham-Medium.svg]
[cdn.shopify.com/s/files/1/2427/5575/t/1/assets/Gotham-LightItalicd41d.eot]
[cdn.shopify.com/s/files/1/2427/5575/t/1/assets/Gotham-LightItalic.otf]
[cdn.shopify.com/s/files/1/2427/5575/t/1/assets/Gotham-LightItalic.woff]
[cdn.shopify.com/s/files/1/2427/5575/t/1/assets/Gotham-LightItalic.ttf]
[cdn.shopify.com/s/files/1/2427/5575/t/1/assets/Gotham-LightItalic.svg]
[cdn.shopify.com/s/files/1/2427/5575/t/1/assets/Gotham-Bookd41d.eot]
[cdn.shopify.com/s/files/1/2427/5575/t/1/assets/Gotham-Book.otf]
[cdn.shopify.com/s/files/1/2427/5575/t/1/assets/Gotham-Book.woff]
[cdn.shopify.com/s/files/1/2427/5575/t/1/assets/Gotham-Book.ttf]
[cdn.shopify.com/s/files/1/2427/5575/t/1/assets/Gotham-Book.svg]
[cdn.shopify.com/s/files/1/2427/5575/t/1/assets/Gotham-Boldd41d.eot]
[cdn.shopify.com/s/files/1/2427/5575/t/1/assets/Gotham-Bold.otf]
[cdn.shopify.com/s/files/1/2427/5575/t/1/assets/Gotham-Bold.woff]
[cdn.shopify.com/s/files/1/2427/5575/t/1/assets/Gotham-Bold.ttf]
[cdn.shopify.com/s/files/1/2427/5575/t/1/assets/Gotham-Bold.svg]
[cdn.shopify.com/s/files/1/0069/2423/8963/files/bg-hero8d5e.jpg]
[cdn.shopify.com/s/files/1/0069/2423/8963/files/bg-28d5e.jpg]
[cdn.shopify.com/s/files/1/0069/2423/8963/files/bg-38d5e.jpg]
[cdn.shopify.com/s/files/1/0069/2423/8963/files/icon-check8d5e.png]
[cdn.shopify.com/s/files/1/0069/2423/8963/files/bg-48d5e.jpg]
[cdn.shopify.com/s/files/1/0069/2423/8963/files/bg-58d5e.jpg]
[cdn.shopify.com/s/files/1/0069/2423/8963/files/bg-68d5e.jpg]
[cdn.shopify.com/s/files/1/0069/2423/8963/files/bg-78d5e.jpg]
[cdn.shopify.com/s/files/1/0069/2423/8963/files/bg-88d5e.jpg]
[cdn.shopify.com/s/files/1/0069/2423/8963/files/bg-98d5e.jpg]
[cdn.shopify.com/s/files/1/0069/2423/8963/files/bg-108d5e.jpg]
[cdn.shopify.com/s/files/1/0069/2423/8963/files/bg-118d5e.jpg]
[cdn.shopify.com/s/files/1/0069/2423/8963/files/icon-checked-red8d5e.png]
[cdn.shopify.com/s/files/1/0069/2423/8963/files/icon-username8d5e.png]
[cdn.shopify.com/s/files/1/0069/2423/8963/files/icon-email8d5e.png]
[cdn.shopify.com/s/files/1/0069/2423/8963/files/icon-phone8d5e.png]
[cdn.shopify.com/s/files/1/0069/2423/8963/files/icon-message8d5e.png]
[cdn.shopify.com/s/files/1/0069/2423/8963/files/icon-previous8d5e.png]
[cdn.shopify.com/s/files/1/0069/2423/8963/files/icon-next8d5e.png]
[cdn.shopify.com/s/files/1/0069/2423/8963/files/checkmark8d5e.png]
[cdn.shopify.com/s/files/1/0069/2423/8963/files/icon-header-phone8d5e.png]
[cdn.shopify.com/s/files/1/0069/2423/8963/files/bullet-icon-18d5e.png]
[cdn.shopify.com/s/files/1/0069/2423/8963/files/bullet-icon-28d5e.png]
[cdn.shopify.com/s/files/1/0069/2423/8963/files/bullet-icon-38d5e.png]
[cdn.shopify.com/s/files/1/0069/2423/8963/files/bullet-icon-48d5e.png]
[cdn.shopify.com/s/files/1/0069/2423/8963/files/bullet-icon-58d5e.png]
[cdn.shopify.com/s/files/1/0069/2423/8963/files/bg-contact8d5e.jpg]
[cdn.shopify.com/s/files/1/0069/2423/8963/files/icon-previous-slide8d5e.png]
[cdn.shopify.com/s/files/1/0069/2423/8963/files/icon-next-slide8d5e.png]
[cdn.shopify.com/s/files/1/2427/5575/t/1/assets/kk-style7d04.css]
[unpkg.com/flickity@2.2.1/dist/flickity.min.css]
[cdn.shopify.com/s/files/1/2427/5575/t/1/assets/modal-video.min7d04.css]
[cdn.shopify.com/s/files/1/2427/5575/t/1/assets/slick7d04.css]
[cdn.shopify.com/s/files/1/2427/5575/t/1/assets/jquery.countdown7d04.css]
[socialgrowthengine.com/pages/constants.66.delayed]
[socialgrowthengine.com/pages/xhr.js]
[socialgrowthengine.com/pages/GET]
[socialgrowthengine.com/pages/lib/widget-management.js]
[widget.trustpilot.com/bootstrap/v5/tp.widget.bootstrap.min.js]
[cdn.shopify.com/s/files/1/2427/5575/t/1/assets/theme.scss7d04.css]
[socialgrowthengine.com/pages/path=/index.html]
[cdn.shopify.com/s/files/1/2427/5575/t/1/assets/lazysizes7d04.js]
[cdn.shopify.com/s/assets/shop_events_listener-acf771159f9849ef6e5265782c99efe8b99406214c96a4373224ecafe285d7bb.js]
[cdn.shopify.com/s/files/1/2427/5575/t/1/assets/vendor7d04.js]
[cdn.shopify.com/s/files/1/2427/5575/t/1/assets/theme7d04.js]
[cdn.shopify.com/s/javascripts/tricorder/trekkie.storefront.min97e4.js]
[cdn.shopify.com/s/assets/themes_support/ga_urchin_forms-99e991855b3d8ddc69e625c68ab0579dd9927b611c2ec4943d396c72e3af0849.js]
[cdn.shopify.com/s/assets/storefront/features-ab33d36b855e9ff61cdb2c97afd04a6560935d2acf4c29db19d5acc40ed80b0d.js]
[cdn.shopify.com/s/files/1/2427/5575/t/1/assets/bold-upsell7d04.css]
[cdn.shopify.com/s/files/1/2427/5575/t/1/assets/bold-upsell-custom7d04.css]
[cdn.shopify.com/s/files/1/2427/5575/t/1/assets/bold-options7d04.css]
[cdn.shopify.com/s/assets/storefront/express_buttons-646307822f46ed653e67b5a23f6b2e4a7f38cb3a0df37b067fd9cc5898551c0c.js]
[option.boldapps.net/js/options.js]
[cdn.shopify.com/s/files/1/2427/5575/t/1/assets/bold-ro7d04.css]
[cdn.shopify.com/s/files/1/2427/5575/t/1/assets/globoformbuilder7d04.css]
[cdn.shopify.com/s/files/1/2427/5575/t/1/assets/globoformbuilder7d04.js]
[ro.boldapps.net/v2_ui/js/ro.js]
[socialgrowthengine.com/pages/about.html]
[socialgrowthengine.com/pages/reviews.html]
[socialgrowthengine.com/pages/terms-conditions.html]
[socialgrowthengine.com/pages/privacy-policy.html]
[cdn.shopify.com/s/files/1/2427/5575/t/1/assets/Gotham-Medium.svg]
[cdn.shopify.com/s/files/1/2427/5575/t/1/assets/Gotham-LightItalic.svg]
[cdn.shopify.com/s/files/1/2427/5575/t/1/assets/Gotham-Book.svg]
[cdn.shopify.com/s/files/1/2427/5575/t/1/assets/Gotham-Bold.svg]
[cdn.shopify.com/s/files/1/0069/2423/8963/files/icon-username8d5e.html]
[cdn.shopify.com/s/files/1/0069/2423/8963/files/icon-email8d5e.html]
[cdn.shopify.com/s/files/1/0069/2423/8963/files/icon-phone8d5e.html]
[cdn.shopify.com/s/files/1/0069/2423/8963/files/icon-message8d5e.html]
[cdn.shopify.com/s/files/1/0069/2423/8963/files/icon-previous8d5e.html]
[cdn.shopify.com/s/files/1/0069/2423/8963/files/icon-next8d5e.html]
[cdn.shopify.com/s/files/1/0069/2423/8963/files/checkmark8d5e.html]
[cdn.shopify.com/s/files/1/0069/2423/8963/files/icon-header-phone8d5e.html]
[cdn.shopify.com/s/files/1/0069/2423/8963/files/bullet-icon-18d5e.html]
[cdn.shopify.com/s/files/1/0069/2423/8963/files/bullet-icon-28d5e.html]
[cdn.shopify.com/s/files/1/0069/2423/8963/files/bullet-icon-38d5e.html]
[cdn.shopify.com/s/files/1/0069/2423/8963/files/bullet-icon-48d5e.html]
[cdn.shopify.com/s/files/1/0069/2423/8963/files/bullet-icon-58d5e.html]
[cdn.shopify.com/s/files/1/0069/2423/8963/files/bg-contact8d5e.html]
[cdn.shopify.com/s/files/1/0069/2423/8963/files/icon-previous-slide8d5e.html]
[cdn.shopify.com/s/files/1/0069/2423/8963/files/icon-next-slide8d5e.html]
[socialgrowthengine.com/pages/constants.js]
[socialgrowthengine.com/pages/xhr.js]
[socialgrowthengine.com/pages/path=/index.html]
[socialgrowthengine.com/pages/GET.html]
[socialgrowthengine.com/pages/lib/widget-management.js]
[socialgrowthengine.com/pages/contact-us.html]
[cdn.shopify.com/s/files/1/2427/5575/t/1/assets/ajax-loader8e98.gif]
[cdn.shopify.com/s/files/1/2427/5575/t/1/assets/theme.scss7d04.css]
[cdn.shopify.com/s/files/1/2427/5575/t/1/assets/bold-upsell7d04.css]
[cdn.shopify.com/s/files/1/2427/5575/t/1/assets/bold-upsell-custom7d04.css]
[cdn.shopify.com/s/files/1/2427/5575/t/1/assets/bold-options7d04.css]
[cdn.shopify.com/s/files/1/2427/5575/t/1/assets/bold-ro7d04.css]
[cdn.shopify.com/s/files/1/2427/5575/t/1/assets/globoformbuilder7d04.css]
[socialgrowthengine.com/pages/about.html]
[socialgrowthengine.com/pages/reviews.html]
[cdn.shopify.com/s/files/1/2427/5575/files/intercom-chat-icon-6ffe4913c2a767d9314d5d9bb03092fcec74b3ed58735b3d44d12672a08ff635_thumb2496.png]
[app.shopifydevelopers.net/formbuilder/resources/assets/css/bootstrap-colorpicker.min.css]
[socialgrowthengine.com/pages/contact-us.html]
[www.maxcdn.bootstrapcdn.com/font-awesome/4.7.0/css/font-awesome.min.css]
[app.shopifydevelopers.net/formbuilder/resources/assets/css/bootstrap-colorpicker.min.css]
[undefined/bootstrap/v5/tp.widget.bootstrap.min.js]
